using cuda/rocm device: AMD Radeon(TM) 8050S Graphics
loaded 3000 sessions from exp8 extract
tokenizer cache hit (8000 vocab)
3000 usable sessions, 5 harnesses
ep1 it   0 mlm=9.205 bt=6.797 pfx=0.003 out=0.712 (4s)
ep1 it 100 mlm=9.014 bt=0.564 pfx=0.003 out=0.685 (111s)
ep1 it 200 mlm=8.449 bt=0.272 pfx=0.005 out=0.687 (217s)
ep1 it 300 mlm=7.884 bt=0.156 pfx=0.035 out=0.686 (325s)
ep1 it 400 mlm=7.388 bt=0.149 pfx=0.004 out=0.643 (433s)
ep1 it 500 mlm=7.076 bt=0.106 pfx=0.034 out=0.461 (539s)
ep1 it 600 mlm=7.098 bt=0.127 pfx=0.059 out=0.670 (645s)
ep1 it 700 mlm=6.941 bt=0.107 pfx=0.032 out=0.346 (750s)
ep1 it 800 mlm=6.677 bt=0.113 pfx=0.071 out=0.517 (856s)
ep1 it 900 mlm=6.823 bt=0.183 pfx=0.090 out=0.488 (961s)
ep1 it1000 mlm=6.130 bt=0.089 pfx=0.028 out=0.305 (1067s)
ep1 it1100 mlm=6.081 bt=0.138 pfx=0.054 out=0.512 (1172s)
ep1 it1200 mlm=6.090 bt=0.092 pfx=0.035 out=0.360 (1277s)
ep1 it1300 mlm=5.992 bt=0.099 pfx=0.084 out=0.346 (1380s)
ep1 it1400 mlm=5.936 bt=0.080 pfx=0.053 out=0.299 (1486s)
epoch 1 checkpoint -> C:\Users\skell\Desktop\embedding-vibes\experiments\exp9_aspace_encoder\results\ckpt_runB.pt
ep2 it   0 mlm=6.457 bt=0.064 pfx=0.046 out=0.617 (1590s)
ep2 it 100 mlm=6.728 bt=0.094 pfx=0.045 out=0.673 (1695s)
ep2 it 200 mlm=6.218 bt=0.066 pfx=0.194 out=0.373 (1800s)
ep2 it 300 mlm=6.033 bt=0.074 pfx=0.050 out=0.405 (1904s)
ep2 it 400 mlm=6.311 bt=0.123 pfx=0.132 out=0.563 (2008s)
ep2 it 500 mlm=6.177 bt=0.101 pfx=0.015 out=0.317 (2111s)
ep2 it 600 mlm=5.886 bt=0.084 pfx=0.410 out=0.308 (2214s)
ep2 it 700 mlm=5.672 bt=0.111 pfx=0.138 out=0.267 (2316s)
ep2 it 800 mlm=5.362 bt=0.064 pfx=0.041 out=0.216 (2419s)
ep2 it 900 mlm=5.743 bt=0.078 pfx=0.084 out=0.380 (2523s)
ep2 it1000 mlm=5.887 bt=0.079 pfx=0.047 out=0.436 (2629s)
ep2 it1100 mlm=5.463 bt=0.064 pfx=0.054 out=0.222 (2733s)
ep2 it1200 mlm=5.988 bt=0.071 pfx=0.057 out=0.228 (2837s)
ep2 it1300 mlm=6.043 bt=0.069 pfx=0.022 out=0.320 (2940s)
ep2 it1400 mlm=5.860 bt=0.085 pfx=0.070 out=0.112 (3044s)
epoch 2 checkpoint -> C:\Users\skell\Desktop\embedding-vibes\experiments\exp9_aspace_encoder\results\ckpt_runB.pt
ep3 it   0 mlm=5.480 bt=0.052 pfx=0.032 out=0.097 (3149s)
ep3 it 100 mlm=5.447 bt=0.062 pfx=0.143 out=0.187 (3253s)
ep3 it 200 mlm=5.746 bt=0.063 pfx=0.363 out=0.243 (3358s)
ep3 it 300 mlm=5.893 bt=0.047 pfx=0.083 out=0.087 (3464s)
ep3 it 400 mlm=5.342 bt=0.057 pfx=0.023 out=0.329 (3570s)
ep3 it 500 mlm=5.503 bt=0.053 pfx=0.195 out=0.382 (3674s)
ep3 it 600 mlm=5.592 bt=0.079 pfx=0.020 out=0.086 (3777s)
ep3 it 700 mlm=6.186 bt=0.052 pfx=0.020 out=0.397 (3880s)
ep3 it 800 mlm=5.199 bt=0.059 pfx=0.203 out=0.403 (3982s)
ep3 it 900 mlm=6.257 bt=0.064 pfx=0.030 out=0.434 (4087s)
ep3 it1000 mlm=5.653 bt=0.060 pfx=0.215 out=0.054 (4193s)
ep3 it1100 mlm=5.534 bt=0.059 pfx=0.332 out=0.035 (4296s)
ep3 it1200 mlm=5.074 bt=0.063 pfx=0.162 out=0.131 (4402s)
ep3 it1300 mlm=5.166 bt=0.077 pfx=0.016 out=0.022 (4507s)
ep3 it1400 mlm=5.582 bt=0.077 pfx=0.225 out=0.128 (4611s)
epoch 3 checkpoint -> C:\Users\skell\Desktop\embedding-vibes\experiments\exp9_aspace_encoder\results\ckpt_runB.pt
ep4 it   0 mlm=5.312 bt=0.058 pfx=0.164 out=0.348 (4715s)
ep4 it 100 mlm=5.278 bt=0.098 pfx=0.265 out=0.258 (4818s)
ep4 it 200 mlm=5.643 bt=0.072 pfx=1.848 out=0.139 (4922s)
ep4 it 300 mlm=5.373 bt=0.049 pfx=0.139 out=0.067 (5028s)
ep4 it 400 mlm=5.779 bt=0.059 pfx=0.049 out=0.055 (5133s)
ep4 it 500 mlm=5.758 bt=0.072 pfx=0.425 out=0.131 (5237s)
ep4 it 600 mlm=4.953 bt=0.055 pfx=0.194 out=0.248 (5342s)
ep4 it 700 mlm=5.237 bt=0.113 pfx=0.252 out=0.151 (5447s)
ep4 it 800 mlm=5.071 bt=0.052 pfx=0.087 out=0.030 (5553s)
ep4 it 900 mlm=5.500 bt=0.046 pfx=0.117 out=0.028 (5657s)
ep4 it1000 mlm=5.785 bt=0.047 pfx=0.223 out=0.380 (5760s)
ep4 it1100 mlm=5.249 bt=0.067 pfx=0.176 out=0.086 (5864s)
ep4 it1200 mlm=5.056 bt=0.057 pfx=0.140 out=0.034 (5968s)
ep4 it1300 mlm=5.965 bt=0.051 pfx=0.147 out=0.020 (6072s)
ep4 it1400 mlm=5.446 bt=0.079 pfx=0.016 out=0.127 (6176s)
epoch 4 checkpoint -> C:\Users\skell\Desktop\embedding-vibes\experiments\exp9_aspace_encoder\results\ckpt_runB.pt
training complete
